// Jest Snapshot v1, https://goo.gl/fbAQLP

exports[`VehicleList Component matches snapshot 1`] = `
<div>
  <div
    class="overflow-x-auto"
  >
    <table
      class="min-w-full bg-white divide-y divide-gray-200"
    >
      <thead
        class="bg-gray-50"
      >
        <tr>
          <th
            class="px-6 py-3 text-left text-xs font-medium text-gray-500 uppercase tracking-wider cursor-pointer hover:text-gray-700 transition-colors"
          >
            Make 
            â†‘
          </th>
          <th
            class="px-6 py-3 text-left text-xs font-medium text-gray-500 uppercase tracking-wider cursor-pointer hover:text-gray-700 transition-colors"
          >
            Model 
          </th>
          <th
            class="px-6 py-3 text-left text-xs font-medium text-gray-500 uppercase tracking-wider cursor-pointer hover:text-gray-700 transition-colors"
          >
            Year 
          </th>
          <th
            class="px-6 py-3 text-left text-xs font-medium text-gray-500 uppercase tracking-wider cursor-pointer hover:text-gray-700 transition-colors"
          >
            Type 
          </th>
          <th
            class="px-6 py-3 text-left text-xs font-medium text-gray-500 uppercase tracking-wider cursor-pointer hover:text-gray-700 transition-colors"
          >
            Status 
          </th>
          <th
            class="px-6 py-3 text-left text-xs font-medium text-gray-500 uppercase tracking-wider"
          >
            Actions
          </th>
        </tr>
      </thead>
      <tbody
        class="bg-white divide-y divide-gray-200"
      >
        <tr
          class="hover:bg-gray-50 transition-colors"
        >
          <td
            class="px-6 py-4 whitespace-nowrap text-sm font-medium text-gray-900"
          >
            Toyota
          </td>
          <td
            class="px-6 py-4 whitespace-nowrap text-sm text-gray-500"
          >
            Camry
          </td>
          <td
            class="px-6 py-4 whitespace-nowrap text-sm text-gray-500"
          >
            2022
          </td>
          <td
            class="px-6 py-4 whitespace-nowrap text-sm text-gray-500"
          >
            <span
              class="inline-flex items-center px-2.5 py-0.5 rounded-full text-xs font-medium bg-blue-100 text-blue-800"
            >
              Sedan
            </span>
          </td>
          <td
            class="px-6 py-4 whitespace-nowrap text-sm text-gray-500"
          >
            <span
              class="inline-flex items-center px-2.5 py-0.5 rounded-full text-xs font-medium bg-green-100 text-green-800"
            >
              Active
            </span>
          </td>
          <td
            class="px-6 py-4 whitespace-nowrap text-sm font-medium"
          >
            <span
              class="text-primary hover:underline cursor-pointer"
            >
              View Details
            </span>
          </td>
        </tr>
        <tr
          class="hover:bg-gray-50 transition-colors"
        >
          <td
            class="px-6 py-4 whitespace-nowrap text-sm font-medium text-gray-900"
          >
            Honda
          </td>
          <td
            class="px-6 py-4 whitespace-nowrap text-sm text-gray-500"
          >
            CR-V
          </td>
          <td
            class="px-6 py-4 whitespace-nowrap text-sm text-gray-500"
          >
            2021
          </td>
          <td
            class="px-6 py-4 whitespace-nowrap text-sm text-gray-500"
          >
            <span
              class="inline-flex items-center px-2.5 py-0.5 rounded-full text-xs font-medium bg-green-100 text-green-800"
            >
              SUV
            </span>
          </td>
          <td
            class="px-6 py-4 whitespace-nowrap text-sm text-gray-500"
          >
            <span
              class="inline-flex items-center px-2.5 py-0.5 rounded-full text-xs font-medium bg-yellow-100 text-yellow-800"
            >
              Maintenance
            </span>
          </td>
          <td
            class="px-6 py-4 whitespace-nowrap text-sm font-medium"
          >
            <span
              class="text-primary hover:underline cursor-pointer"
            >
              View Details
            </span>
          </td>
        </tr>
      </tbody>
    </table>
  </div>
</div>
`;

exports[`VehicleList Component matches snapshot with empty vehicles array 1`] = `
<div>
  <div
    class="text-center py-12"
    data-testid="empty-state"
  >
    <svg
      aria-hidden="true"
      class="mx-auto h-12 w-12 text-gray-400"
      fill="none"
      stroke="currentColor"
      viewBox="0 0 24 24"
    >
      <path
        d="M9.172 16.172a4 4 0 015.656 0M9 10h.01M15 10h.01M21 12a9 9 0 11-18 0 9 9 0 0118 0z"
        stroke-linecap="round"
        stroke-linejoin="round"
        stroke-width="2"
        vector-effect="non-scaling-stroke"
      />
    </svg>
    <h3
      class="mt-2 text-sm font-medium text-gray-900"
    >
      No Vehicle found
    </h3>
    <p
      class="mt-1 text-sm text-gray-500"
    >
      Try adjusting your search or filter to find what you're looking for.
    </p>
    <div
      class="mt-6"
    >
      <button
        class="inline-flex items-center justify-center px-4 py-2 rounded font-semibold focus:outline-none transition disabled:opacity-60 w-auto hover:opacity-90 focus:ring-2 focus:ring-offset-2 focus:ring-primary inline-flex items-center"
        style="color: rgb(255, 255, 255);"
        type="button"
      >
        <svg
          aria-hidden="true"
          class="-ml-1 mr-2 h-5 w-5"
          fill="currentColor"
          viewBox="0 0 20 20"
          xmlns="http://www.w3.org/2000/svg"
        >
          <path
            clip-rule="evenodd"
            d="M10 3a1 1 0 011 1v5h5a1 1 0 110 2h-5v5a1 1 0 11-2 0v-5H4a1 1 0 110-2h5V4a1 1 0 011-1z"
            fill-rule="evenodd"
          />
        </svg>
        Add Vehicle
      </button>
    </div>
  </div>
</div>
`;

exports[`VehicleList Component matches snapshot with error 1`] = `
<div>
  <div
    class="bg-red-50 border-l-4 border-red-500 p-4 my-6"
  >
    <div
      class="flex"
    >
      <div
        class="flex-shrink-0"
      >
        <svg
          class="h-5 w-5 text-red-500"
          fill="currentColor"
          viewBox="0 0 20 20"
        >
          <path
            clip-rule="evenodd"
            d="M10 18a8 8 0 100-16 8 8 0 000 16zM8.707 7.293a1 1 0 00-1.414 1.414L8.586 10l-1.293 1.293a1 1 0 101.414 1.414L10 11.414l1.293 1.293a1 1 0 001.414-1.414L11.414 10l1.293-1.293a1 1 0 00-1.414-1.414L10 8.586 8.707 7.293z"
            fill-rule="evenodd"
          />
        </svg>
      </div>
      <div
        class="ml-3"
      >
        <p
          class="text-sm text-red-700"
        >
          Error loading vehicles
        </p>
      </div>
    </div>
  </div>
</div>
`;
